[     112ms] [ERROR] Failed to load resource: the server responded with a status of 404 (Not Found) @ http://localhost:3000/Users/lexiliang/Documents/Obsidian/lexi-portfolio-site/.vinext/fonts/geist-8ac0455e797f/geist-ff2310f5.woff2:0
[     112ms] [ERROR] Failed to load resource: the server responded with a status of 404 (Not Found) @ http://localhost:3000/Users/lexiliang/Documents/Obsidian/lexi-portfolio-site/.vinext/fonts/geist-8ac0455e797f/geist-001175b1.woff2:0
[     113ms] [ERROR] Failed to load resource: the server responded with a status of 404 (Not Found) @ http://localhost:3000/Users/lexiliang/Documents/Obsidian/lexi-portfolio-site/.vinext/fonts/geist-8ac0455e797f/geist-875ccdd4.woff2:0
[     113ms] [ERROR] Failed to load resource: the server responded with a status of 404 (Not Found) @ http://localhost:3000/Users/lexiliang/Documents/Obsidian/lexi-portfolio-site/.vinext/fonts/geist-8ac0455e797f/geist-52306abf.woff2:0
[     117ms] [ERROR] Failed to load resource: the server responded with a status of 404 (Not Found) @ http://localhost:3000/Users/lexiliang/Documents/Obsidian/lexi-portfolio-site/.vinext/fonts/geist-mono-00e989178794/geist-mono-f6b33328.woff2:0
[     118ms] [ERROR] Failed to load resource: the server responded with a status of 404 (Not Found) @ http://localhost:3000/Users/lexiliang/Documents/Obsidian/lexi-portfolio-site/.vinext/fonts/geist-8ac0455e797f/geist-98bbbccb.woff2:0
[     158ms] [ERROR] Failed to load resource: the server responded with a status of 404 (Not Found) @ http://localhost:3000/Users/lexiliang/Documents/Obsidian/lexi-portfolio-site/.vinext/fonts/geist-mono-00e989178794/geist-mono-44e03052.woff2:0
[     160ms] [ERROR] Failed to load resource: the server responded with a status of 404 (Not Found) @ http://localhost:3000/Users/lexiliang/Documents/Obsidian/lexi-portfolio-site/.vinext/fonts/geist-mono-00e989178794/geist-mono-44745446.woff2:0
[     164ms] [ERROR] Failed to load resource: the server responded with a status of 404 (Not Found) @ http://localhost:3000/Users/lexiliang/Documents/Obsidian/lexi-portfolio-site/.vinext/fonts/geist-mono-00e989178794/geist-mono-0638449e.woff2:0
[     164ms] [ERROR] Failed to load resource: the server responded with a status of 404 (Not Found) @ http://localhost:3000/Users/lexiliang/Documents/Obsidian/lexi-portfolio-site/.vinext/fonts/geist-mono-00e989178794/geist-mono-971fb274.woff2:0
[     171ms] [ERROR] Failed to load resource: the server responded with a status of 404 (Not Found) @ http://localhost:3000/Users/lexiliang/Documents/Obsidian/lexi-portfolio-site/.vinext/fonts/geist-mono-00e989178794/geist-mono-013b2f2f.woff2:0
[     223ms] [ERROR] Failed to load resource: the server responded with a status of 404 (Not Found) @ http://localhost:3000/Users/lexiliang/Documents/Obsidian/lexi-portfolio-site/.vinext/fonts/geist-8ac0455e797f/geist-001175b1.woff2:0
[     223ms] [ERROR] Failed to load resource: the server responded with a status of 404 (Not Found) @ http://localhost:3000/Users/lexiliang/Documents/Obsidian/lexi-portfolio-site/.vinext/fonts/geist-8ac0455e797f/geist-ff2310f5.woff2:0
[     223ms] [ERROR] Failed to load resource: the server responded with a status of 404 (Not Found) @ http://localhost:3000/Users/lexiliang/Documents/Obsidian/lexi-portfolio-site/.vinext/fonts/geist-8ac0455e797f/geist-52306abf.woff2:0
[     223ms] [ERROR] Failed to load resource: the server responded with a status of 404 (Not Found) @ http://localhost:3000/Users/lexiliang/Documents/Obsidian/lexi-portfolio-site/.vinext/fonts/geist-8ac0455e797f/geist-875ccdd4.woff2:0
[     223ms] [ERROR] Failed to load resource: the server responded with a status of 404 (Not Found) @ http://localhost:3000/Users/lexiliang/Documents/Obsidian/lexi-portfolio-site/.vinext/fonts/geist-mono-00e989178794/geist-mono-f6b33328.woff2:0
[     223ms] [ERROR] Failed to load resource: the server responded with a status of 404 (Not Found) @ http://localhost:3000/Users/lexiliang/Documents/Obsidian/lexi-portfolio-site/.vinext/fonts/geist-8ac0455e797f/geist-98bbbccb.woff2:0
[     239ms] [INFO] %cDownload the React DevTools for a better development experience: https://react.dev/link/react-devtools font-weight:bold @ http://localhost:3000/node_modules/.vite/deps/react-dom_client.js?v=e81a633f:14337
[     250ms] [ERROR] Failed to load resource: the server responded with a status of 404 (Not Found) @ http://localhost:3000/Users/lexiliang/Documents/Obsidian/lexi-portfolio-site/.vinext/fonts/geist-mono-00e989178794/geist-mono-44745446.woff2:0
[     250ms] [ERROR] Failed to load resource: the server responded with a status of 404 (Not Found) @ http://localhost:3000/Users/lexiliang/Documents/Obsidian/lexi-portfolio-site/.vinext/fonts/geist-mono-00e989178794/geist-mono-0638449e.woff2:0
[     250ms] [ERROR] Failed to load resource: the server responded with a status of 404 (Not Found) @ http://localhost:3000/Users/lexiliang/Documents/Obsidian/lexi-portfolio-site/.vinext/fonts/geist-mono-00e989178794/geist-mono-44e03052.woff2:0
[     250ms] [ERROR] Failed to load resource: the server responded with a status of 404 (Not Found) @ http://localhost:3000/Users/lexiliang/Documents/Obsidian/lexi-portfolio-site/.vinext/fonts/geist-mono-00e989178794/geist-mono-971fb274.woff2:0
[     250ms] [ERROR] Failed to load resource: the server responded with a status of 404 (Not Found) @ http://localhost:3000/Users/lexiliang/Documents/Obsidian/lexi-portfolio-site/.vinext/fonts/geist-mono-00e989178794/geist-mono-013b2f2f.woff2:0
[     400ms] [ERROR] Failed to load resource: the server responded with a status of 404 (Not Found) @ http://localhost:3000/favicon.ico:0
[     634ms] [ERROR] Failed to load resource: net::ERR_CONNECTION_REFUSED @ http://localhost:4747/sessions:0
[     634ms] [WARNING] [Agentation] Failed to initialize session, using local storage: TypeError: Failed to fetch
    at createSession (http://localhost:3000/node_modules/.vite/deps/agentation.js?v=e81a633f:11750:25)
    at initSession (http://localhost:3000/node_modules/.vite/deps/agentation.js?v=e81a633f:13565:28)
    at http://localhost:3000/node_modules/.vite/deps/agentation.js?v=e81a633f:13610:3
    at Object.react_stack_bottom_frame (http://localhost:3000/node_modules/.vite/deps/react-dom_client.js?v=e81a633f:12904:13)
    at runWithFiberInDEV (http://localhost:3000/node_modules/.vite/deps/react-dom_client.js?v=e81a633f:851:66)
    at commitHookEffectListMount (http://localhost:3000/node_modules/.vite/deps/react-dom_client.js?v=e81a633f:6617:153)
    at commitHookPassiveMountEffects (http://localhost:3000/node_modules/.vite/deps/react-dom_client.js?v=e81a633f:6652:55)
    at commitPassiveMountOnFiber (http://localhost:3000/node_modules/.vite/deps/react-dom_client.js?v=e81a633f:7618:22)
    at recursivelyTraversePassiveMountEffects (http://localhost:3000/node_modules/.vite/deps/react-dom_client.js?v=e81a633f:7606:5)
    at commitPassiveMountOnFiber (http://localhost:3000/node_modules/.vite/deps/react-dom_client.js?v=e81a633f:7617:6) @ http://localhost:3000/node_modules/.vite/deps/agentation.js?v=e81a633f:13606
[     635ms] [ERROR] Failed to load resource: net::ERR_CONNECTION_REFUSED @ http://localhost:4747/health:0
[    3636ms] [WARNING] The resource http://localhost:3000/Users/lexiliang/Documents/Obsidian/lexi-portfolio-site/.vinext/fonts/geist-8ac0455e797f/geist-52306abf.woff2 was preloaded using link preload but not used within a few seconds from the window's load event. Please make sure it has an appropriate `as` value and it is preloaded intentionally. @ http://localhost:3000/#work:0
[    3636ms] [WARNING] The resource http://localhost:3000/Users/lexiliang/Documents/Obsidian/lexi-portfolio-site/.vinext/fonts/geist-8ac0455e797f/geist-98bbbccb.woff2 was preloaded using link preload but not used within a few seconds from the window's load event. Please make sure it has an appropriate `as` value and it is preloaded intentionally. @ http://localhost:3000/#work:0
[    3636ms] [WARNING] The resource http://localhost:3000/Users/lexiliang/Documents/Obsidian/lexi-portfolio-site/.vinext/fonts/geist-mono-00e989178794/geist-mono-f6b33328.woff2 was preloaded using link preload but not used within a few seconds from the window's load event. Please make sure it has an appropriate `as` value and it is preloaded intentionally. @ http://localhost:3000/#work:0
[    3636ms] [WARNING] The resource http://localhost:3000/Users/lexiliang/Documents/Obsidian/lexi-portfolio-site/.vinext/fonts/geist-8ac0455e797f/geist-ff2310f5.woff2 was preloaded using link preload but not used within a few seconds from the window's load event. Please make sure it has an appropriate `as` value and it is preloaded intentionally. @ http://localhost:3000/#work:0
[    3636ms] [WARNING] The resource http://localhost:3000/Users/lexiliang/Documents/Obsidian/lexi-portfolio-site/.vinext/fonts/geist-mono-00e989178794/geist-mono-0638449e.woff2 was preloaded using link preload but not used within a few seconds from the window's load event. Please make sure it has an appropriate `as` value and it is preloaded intentionally. @ http://localhost:3000/#work:0
[    3636ms] [WARNING] The resource http://localhost:3000/Users/lexiliang/Documents/Obsidian/lexi-portfolio-site/.vinext/fonts/geist-mono-00e989178794/geist-mono-44e03052.woff2 was preloaded using link preload but not used within a few seconds from the window's load event. Please make sure it has an appropriate `as` value and it is preloaded intentionally. @ http://localhost:3000/#work:0
[    3636ms] [WARNING] The resource http://localhost:3000/assets/_vinext_fonts/covered-by-your-grace-4df6847a8958/covered-by-your-grace-560e8c09.woff2 was preloaded using link preload but not used within a few seconds from the window's load event. Please make sure it has an appropriate `as` value and it is preloaded intentionally. @ http://localhost:3000/#work:0
[    3636ms] [WARNING] The resource http://localhost:3000/Users/lexiliang/Documents/Obsidian/lexi-portfolio-site/.vinext/fonts/geist-8ac0455e797f/geist-875ccdd4.woff2 was preloaded using link preload but not used within a few seconds from the window's load event. Please make sure it has an appropriate `as` value and it is preloaded intentionally. @ http://localhost:3000/#work:0
[    3636ms] [WARNING] The resource http://localhost:3000/Users/lexiliang/Documents/Obsidian/lexi-portfolio-site/.vinext/fonts/geist-mono-00e989178794/geist-mono-013b2f2f.woff2 was preloaded using link preload but not used within a few seconds from the window's load event. Please make sure it has an appropriate `as` value and it is preloaded intentionally. @ http://localhost:3000/#work:0
[    3636ms] [WARNING] The resource http://localhost:3000/Users/lexiliang/Documents/Obsidian/lexi-portfolio-site/.vinext/fonts/geist-8ac0455e797f/geist-001175b1.woff2 was preloaded using link preload but not used within a few seconds from the window's load event. Please make sure it has an appropriate `as` value and it is preloaded intentionally. @ http://localhost:3000/#work:0
[    3636ms] [WARNING] The resource http://localhost:3000/assets/_vinext_fonts/covered-by-your-grace-4df6847a8958/covered-by-your-grace-74d4f415.woff2 was preloaded using link preload but not used within a few seconds from the window's load event. Please make sure it has an appropriate `as` value and it is preloaded intentionally. @ http://localhost:3000/#work:0
[    3636ms] [WARNING] The resource http://localhost:3000/Users/lexiliang/Documents/Obsidian/lexi-portfolio-site/.vinext/fonts/geist-mono-00e989178794/geist-mono-44745446.woff2 was preloaded using link preload but not used within a few seconds from the window's load event. Please make sure it has an appropriate `as` value and it is preloaded intentionally. @ http://localhost:3000/#work:0
[    3636ms] [WARNING] The resource http://localhost:3000/Users/lexiliang/Documents/Obsidian/lexi-portfolio-site/.vinext/fonts/geist-mono-00e989178794/geist-mono-971fb274.woff2 was preloaded using link preload but not used within a few seconds from the window's load event. Please make sure it has an appropriate `as` value and it is preloaded intentionally. @ http://localhost:3000/#work:0
[   10638ms] [ERROR] Failed to load resource: net::ERR_CONNECTION_REFUSED @ http://localhost:4747/health:0
[   13640ms] [WARNING] The resource http://localhost:3000/Users/lexiliang/Documents/Obsidian/lexi-portfolio-site/.vinext/fonts/geist-8ac0455e797f/geist-52306abf.woff2 was preloaded using link preload but not used within a few seconds from the window's load event. Please make sure it has an appropriate `as` value and it is preloaded intentionally. @ http://localhost:3000/#work:0
[   13640ms] [WARNING] The resource http://localhost:3000/Users/lexiliang/Documents/Obsidian/lexi-portfolio-site/.vinext/fonts/geist-8ac0455e797f/geist-98bbbccb.woff2 was preloaded using link preload but not used within a few seconds from the window's load event. Please make sure it has an appropriate `as` value and it is preloaded intentionally. @ http://localhost:3000/#work:0
[   13640ms] [WARNING] The resource http://localhost:3000/Users/lexiliang/Documents/Obsidian/lexi-portfolio-site/.vinext/fonts/geist-mono-00e989178794/geist-mono-f6b33328.woff2 was preloaded using link preload but not used within a few seconds from the window's load event. Please make sure it has an appropriate `as` value and it is preloaded intentionally. @ http://localhost:3000/#work:0
[   13640ms] [WARNING] The resource http://localhost:3000/Users/lexiliang/Documents/Obsidian/lexi-portfolio-site/.vinext/fonts/geist-8ac0455e797f/geist-ff2310f5.woff2 was preloaded using link preload but not used within a few seconds from the window's load event. Please make sure it has an appropriate `as` value and it is preloaded intentionally. @ http://localhost:3000/#work:0
[   13640ms] [WARNING] The resource http://localhost:3000/Users/lexiliang/Documents/Obsidian/lexi-portfolio-site/.vinext/fonts/geist-mono-00e989178794/geist-mono-0638449e.woff2 was preloaded using link preload but not used within a few seconds from the window's load event. Please make sure it has an appropriate `as` value and it is preloaded intentionally. @ http://localhost:3000/#work:0
[   13640ms] [WARNING] The resource http://localhost:3000/Users/lexiliang/Documents/Obsidian/lexi-portfolio-site/.vinext/fonts/geist-mono-00e989178794/geist-mono-44e03052.woff2 was preloaded using link preload but not used within a few seconds from the window's load event. Please make sure it has an appropriate `as` value and it is preloaded intentionally. @ http://localhost:3000/#work:0
[   13640ms] [WARNING] The resource http://localhost:3000/assets/_vinext_fonts/covered-by-your-grace-4df6847a8958/covered-by-your-grace-560e8c09.woff2 was preloaded using link preload but not used within a few seconds from the window's load event. Please make sure it has an appropriate `as` value and it is preloaded intentionally. @ http://localhost:3000/#work:0
[   13640ms] [WARNING] The resource http://localhost:3000/Users/lexiliang/Documents/Obsidian/lexi-portfolio-site/.vinext/fonts/geist-8ac0455e797f/geist-875ccdd4.woff2 was preloaded using link preload but not used within a few seconds from the window's load event. Please make sure it has an appropriate `as` value and it is preloaded intentionally. @ http://localhost:3000/#work:0
[   13640ms] [WARNING] The resource http://localhost:3000/Users/lexiliang/Documents/Obsidian/lexi-portfolio-site/.vinext/fonts/geist-mono-00e989178794/geist-mono-013b2f2f.woff2 was preloaded using link preload but not used within a few seconds from the window's load event. Please make sure it has an appropriate `as` value and it is preloaded intentionally. @ http://localhost:3000/#work:0
[   13640ms] [WARNING] The resource http://localhost:3000/Users/lexiliang/Documents/Obsidian/lexi-portfolio-site/.vinext/fonts/geist-8ac0455e797f/geist-001175b1.woff2 was preloaded using link preload but not used within a few seconds from the window's load event. Please make sure it has an appropriate `as` value and it is preloaded intentionally. @ http://localhost:3000/#work:0
[   13640ms] [WARNING] The resource http://localhost:3000/assets/_vinext_fonts/covered-by-your-grace-4df6847a8958/covered-by-your-grace-74d4f415.woff2 was preloaded using link preload but not used within a few seconds from the window's load event. Please make sure it has an appropriate `as` value and it is preloaded intentionally. @ http://localhost:3000/#work:0
[   13640ms] [WARNING] The resource http://localhost:3000/Users/lexiliang/Documents/Obsidian/lexi-portfolio-site/.vinext/fonts/geist-mono-00e989178794/geist-mono-44745446.woff2 was preloaded using link preload but not used within a few seconds from the window's load event. Please make sure it has an appropriate `as` value and it is preloaded intentionally. @ http://localhost:3000/#work:0
[   13640ms] [WARNING] The resource http://localhost:3000/Users/lexiliang/Documents/Obsidian/lexi-portfolio-site/.vinext/fonts/geist-mono-00e989178794/geist-mono-971fb274.woff2 was preloaded using link preload but not used within a few seconds from the window's load event. Please make sure it has an appropriate `as` value and it is preloaded intentionally. @ http://localhost:3000/#work:0
[   18846ms] [WARNING] Allow attribute will take precedence over 'allowfullscreen'. @ http://localhost:3000/node_modules/.vite/deps/react-dom_client.js?v=e81a633f:9657
[   20634ms] [ERROR] Failed to load resource: net::ERR_CONNECTION_REFUSED @ http://localhost:4747/health:0
[   21397ms] [ERROR] Failed to load resource: the server responded with a status of 404 (Not Found) @ http://localhost:3000/Users/lexiliang/Documents/Obsidian/lexi-portfolio-site/.vinext/fonts/geist-8ac0455e797f/geist-875ccdd4.woff2:0
[   21397ms] [ERROR] Failed to load resource: the server responded with a status of 404 (Not Found) @ http://localhost:3000/Users/lexiliang/Documents/Obsidian/lexi-portfolio-site/.vinext/fonts/geist-8ac0455e797f/geist-ff2310f5.woff2:0
[   21397ms] [ERROR] Failed to load resource: the server responded with a status of 404 (Not Found) @ http://localhost:3000/Users/lexiliang/Documents/Obsidian/lexi-portfolio-site/.vinext/fonts/geist-8ac0455e797f/geist-52306abf.woff2:0
[   21397ms] [ERROR] Failed to load resource: the server responded with a status of 404 (Not Found) @ http://localhost:3000/Users/lexiliang/Documents/Obsidian/lexi-portfolio-site/.vinext/fonts/geist-mono-00e989178794/geist-mono-f6b33328.woff2:0
[   21399ms] [ERROR] Failed to load resource: the server responded with a status of 404 (Not Found) @ http://localhost:3000/Users/lexiliang/Documents/Obsidian/lexi-portfolio-site/.vinext/fonts/geist-8ac0455e797f/geist-001175b1.woff2:0
[   21399ms] [ERROR] Failed to load resource: the server responded with a status of 404 (Not Found) @ http://localhost:3000/Users/lexiliang/Documents/Obsidian/lexi-portfolio-site/.vinext/fonts/geist-8ac0455e797f/geist-98bbbccb.woff2:0
[   21419ms] [INFO] %cDownload the React DevTools for a better development experience: https://react.dev/link/react-devtools font-weight:bold @ http://localhost:3000/node_modules/.vite/deps/react-dom_client.js?v=e81a633f:14337
[   21436ms] [ERROR] Failed to load resource: the server responded with a status of 404 (Not Found) @ http://localhost:3000/Users/lexiliang/Documents/Obsidian/lexi-portfolio-site/.vinext/fonts/geist-mono-00e989178794/geist-mono-0638449e.woff2:0
[   21436ms] [ERROR] Failed to load resource: the server responded with a status of 404 (Not Found) @ http://localhost:3000/Users/lexiliang/Documents/Obsidian/lexi-portfolio-site/.vinext/fonts/geist-mono-00e989178794/geist-mono-44e03052.woff2:0
[   21445ms] [ERROR] Failed to load resource: the server responded with a status of 404 (Not Found) @ http://localhost:3000/Users/lexiliang/Documents/Obsidian/lexi-portfolio-site/.vinext/fonts/geist-mono-00e989178794/geist-mono-44745446.woff2:0
[   21445ms] [ERROR] Failed to load resource: the server responded with a status of 404 (Not Found) @ http://localhost:3000/Users/lexiliang/Documents/Obsidian/lexi-portfolio-site/.vinext/fonts/geist-mono-00e989178794/geist-mono-013b2f2f.woff2:0
[   21446ms] [ERROR] Failed to load resource: the server responded with a status of 404 (Not Found) @ http://localhost:3000/Users/lexiliang/Documents/Obsidian/lexi-portfolio-site/.vinext/fonts/geist-mono-00e989178794/geist-mono-971fb274.woff2:0
[   21474ms] [ERROR] Failed to load resource: the server responded with a status of 404 (Not Found) @ http://localhost:3000/Users/lexiliang/Documents/Obsidian/lexi-portfolio-site/.vinext/fonts/geist-8ac0455e797f/geist-52306abf.woff2:0
[   21474ms] [ERROR] Failed to load resource: the server responded with a status of 404 (Not Found) @ http://localhost:3000/Users/lexiliang/Documents/Obsidian/lexi-portfolio-site/.vinext/fonts/geist-8ac0455e797f/geist-ff2310f5.woff2:0
[   21474ms] [ERROR] Failed to load resource: the server responded with a status of 404 (Not Found) @ http://localhost:3000/Users/lexiliang/Documents/Obsidian/lexi-portfolio-site/.vinext/fonts/geist-8ac0455e797f/geist-875ccdd4.woff2:0
[   21481ms] [ERROR] Failed to load resource: the server responded with a status of 404 (Not Found) @ http://localhost:3000/Users/lexiliang/Documents/Obsidian/lexi-portfolio-site/.vinext/fonts/geist-mono-00e989178794/geist-mono-f6b33328.woff2:0
[   21482ms] [ERROR] Failed to load resource: the server responded with a status of 404 (Not Found) @ http://localhost:3000/Users/lexiliang/Documents/Obsidian/lexi-portfolio-site/.vinext/fonts/geist-8ac0455e797f/geist-98bbbccb.woff2:0
[   21482ms] [ERROR] Failed to load resource: the server responded with a status of 404 (Not Found) @ http://localhost:3000/Users/lexiliang/Documents/Obsidian/lexi-portfolio-site/.vinext/fonts/geist-8ac0455e797f/geist-001175b1.woff2:0
[   21500ms] [ERROR] Failed to load resource: the server responded with a status of 404 (Not Found) @ http://localhost:3000/Users/lexiliang/Documents/Obsidian/lexi-portfolio-site/.vinext/fonts/geist-mono-00e989178794/geist-mono-44745446.woff2:0
[   21500ms] [ERROR] Failed to load resource: the server responded with a status of 404 (Not Found) @ http://localhost:3000/Users/lexiliang/Documents/Obsidian/lexi-portfolio-site/.vinext/fonts/geist-mono-00e989178794/geist-mono-0638449e.woff2:0
[   21500ms] [ERROR] Failed to load resource: the server responded with a status of 404 (Not Found) @ http://localhost:3000/Users/lexiliang/Documents/Obsidian/lexi-portfolio-site/.vinext/fonts/geist-mono-00e989178794/geist-mono-44e03052.woff2:0
[   21525ms] [ERROR] Failed to load resource: the server responded with a status of 404 (Not Found) @ http://localhost:3000/Users/lexiliang/Documents/Obsidian/lexi-portfolio-site/.vinext/fonts/geist-mono-00e989178794/geist-mono-971fb274.woff2:0
[   21525ms] [ERROR] Failed to load resource: the server responded with a status of 404 (Not Found) @ http://localhost:3000/Users/lexiliang/Documents/Obsidian/lexi-portfolio-site/.vinext/fonts/geist-mono-00e989178794/geist-mono-013b2f2f.woff2:0
[   21756ms] [ERROR] Failed to load resource: net::ERR_CONNECTION_REFUSED @ http://localhost:4747/sessions:0
[   21756ms] [WARNING] [Agentation] Failed to initialize session, using local storage: TypeError: Failed to fetch
    at createSession (http://localhost:3000/node_modules/.vite/deps/agentation.js?v=e81a633f:11750:25)
    at initSession (http://localhost:3000/node_modules/.vite/deps/agentation.js?v=e81a633f:13565:28)
    at http://localhost:3000/node_modules/.vite/deps/agentation.js?v=e81a633f:13610:3
    at Object.react_stack_bottom_frame (http://localhost:3000/node_modules/.vite/deps/react-dom_client.js?v=e81a633f:12904:13)
    at runWithFiberInDEV (http://localhost:3000/node_modules/.vite/deps/react-dom_client.js?v=e81a633f:851:66)
    at commitHookEffectListMount (http://localhost:3000/node_modules/.vite/deps/react-dom_client.js?v=e81a633f:6617:153)
    at commitHookPassiveMountEffects (http://localhost:3000/node_modules/.vite/deps/react-dom_client.js?v=e81a633f:6652:55)
    at commitPassiveMountOnFiber (http://localhost:3000/node_modules/.vite/deps/react-dom_client.js?v=e81a633f:7618:22)
    at recursivelyTraversePassiveMountEffects (http://localhost:3000/node_modules/.vite/deps/react-dom_client.js?v=e81a633f:7606:5)
    at commitPassiveMountOnFiber (http://localhost:3000/node_modules/.vite/deps/react-dom_client.js?v=e81a633f:7617:6) @ http://localhost:3000/node_modules/.vite/deps/agentation.js?v=e81a633f:13606
[   21756ms] [ERROR] Failed to load resource: net::ERR_CONNECTION_REFUSED @ http://localhost:4747/health:0
[   26797ms] [WARNING] The resource http://localhost:3000/Users/lexiliang/Documents/Obsidian/lexi-portfolio-site/.vinext/fonts/geist-8ac0455e797f/geist-52306abf.woff2 was preloaded using link preload but not used within a few seconds from the window's load event. Please make sure it has an appropriate `as` value and it is preloaded intentionally. @ http://localhost:3000/#top:0
[   26797ms] [WARNING] The resource http://localhost:3000/Users/lexiliang/Documents/Obsidian/lexi-portfolio-site/.vinext/fonts/geist-8ac0455e797f/geist-98bbbccb.woff2 was preloaded using link preload but not used within a few seconds from the window's load event. Please make sure it has an appropriate `as` value and it is preloaded intentionally. @ http://localhost:3000/#top:0
[   26797ms] [WARNING] The resource http://localhost:3000/Users/lexiliang/Documents/Obsidian/lexi-portfolio-site/.vinext/fonts/geist-mono-00e989178794/geist-mono-f6b33328.woff2 was preloaded using link preload but not used within a few seconds from the window's load event. Please make sure it has an appropriate `as` value and it is preloaded intentionally. @ http://localhost:3000/#top:0
[   26797ms] [WARNING] The resource http://localhost:3000/Users/lexiliang/Documents/Obsidian/lexi-portfolio-site/.vinext/fonts/geist-8ac0455e797f/geist-ff2310f5.woff2 was preloaded using link preload but not used within a few seconds from the window's load event. Please make sure it has an appropriate `as` value and it is preloaded intentionally. @ http://localhost:3000/#top:0
[   26797ms] [WARNING] The resource http://localhost:3000/Users/lexiliang/Documents/Obsidian/lexi-portfolio-site/.vinext/fonts/geist-mono-00e989178794/geist-mono-0638449e.woff2 was preloaded using link preload but not used within a few seconds from the window's load event. Please make sure it has an appropriate `as` value and it is preloaded intentionally. @ http://localhost:3000/#top:0
[   26797ms] [WARNING] The resource http://localhost:3000/Users/lexiliang/Documents/Obsidian/lexi-portfolio-site/.vinext/fonts/geist-mono-00e989178794/geist-mono-44e03052.woff2 was preloaded using link preload but not used within a few seconds from the window's load event. Please make sure it has an appropriate `as` value and it is preloaded intentionally. @ http://localhost:3000/#top:0
[   26797ms] [WARNING] The resource http://localhost:3000/assets/_vinext_fonts/covered-by-your-grace-4df6847a8958/covered-by-your-grace-560e8c09.woff2 was preloaded using link preload but not used within a few seconds from the window's load event. Please make sure it has an appropriate `as` value and it is preloaded intentionally. @ http://localhost:3000/#top:0
[   26797ms] [WARNING] The resource http://localhost:3000/Users/lexiliang/Documents/Obsidian/lexi-portfolio-site/.vinext/fonts/geist-8ac0455e797f/geist-875ccdd4.woff2 was preloaded using link preload but not used within a few seconds from the window's load event. Please make sure it has an appropriate `as` value and it is preloaded intentionally. @ http://localhost:3000/#top:0
[   26798ms] [WARNING] The resource http://localhost:3000/Users/lexiliang/Documents/Obsidian/lexi-portfolio-site/.vinext/fonts/geist-mono-00e989178794/geist-mono-013b2f2f.woff2 was preloaded using link preload but not used within a few seconds from the window's load event. Please make sure it has an appropriate `as` value and it is preloaded intentionally. @ http://localhost:3000/#top:0
[   26798ms] [WARNING] The resource http://localhost:3000/Users/lexiliang/Documents/Obsidian/lexi-portfolio-site/.vinext/fonts/geist-8ac0455e797f/geist-001175b1.woff2 was preloaded using link preload but not used within a few seconds from the window's load event. Please make sure it has an appropriate `as` value and it is preloaded intentionally. @ http://localhost:3000/#top:0
[   26798ms] [WARNING] The resource http://localhost:3000/assets/_vinext_fonts/covered-by-your-grace-4df6847a8958/covered-by-your-grace-74d4f415.woff2 was preloaded using link preload but not used within a few seconds from the window's load event. Please make sure it has an appropriate `as` value and it is preloaded intentionally. @ http://localhost:3000/#top:0
[   26798ms] [WARNING] The resource http://localhost:3000/Users/lexiliang/Documents/Obsidian/lexi-portfolio-site/.vinext/fonts/geist-mono-00e989178794/geist-mono-44745446.woff2 was preloaded using link preload but not used within a few seconds from the window's load event. Please make sure it has an appropriate `as` value and it is preloaded intentionally. @ http://localhost:3000/#top:0
[   26798ms] [WARNING] The resource http://localhost:3000/Users/lexiliang/Documents/Obsidian/lexi-portfolio-site/.vinext/fonts/geist-mono-00e989178794/geist-mono-971fb274.woff2 was preloaded using link preload but not used within a few seconds from the window's load event. Please make sure it has an appropriate `as` value and it is preloaded intentionally. @ http://localhost:3000/#top:0
[   31756ms] [ERROR] Failed to load resource: net::ERR_CONNECTION_REFUSED @ http://localhost:4747/health:0
[   37666ms] [WARNING] The resource http://localhost:3000/Users/lexiliang/Documents/Obsidian/lexi-portfolio-site/.vinext/fonts/geist-8ac0455e797f/geist-52306abf.woff2 was preloaded using link preload but not used within a few seconds from the window's load event. Please make sure it has an appropriate `as` value and it is preloaded intentionally. @ http://localhost:3000/#work:0
[   37666ms] [WARNING] The resource http://localhost:3000/Users/lexiliang/Documents/Obsidian/lexi-portfolio-site/.vinext/fonts/geist-8ac0455e797f/geist-98bbbccb.woff2 was preloaded using link preload but not used within a few seconds from the window's load event. Please make sure it has an appropriate `as` value and it is preloaded intentionally. @ http://localhost:3000/#work:0
[   37666ms] [WARNING] The resource http://localhost:3000/Users/lexiliang/Documents/Obsidian/lexi-portfolio-site/.vinext/fonts/geist-mono-00e989178794/geist-mono-f6b33328.woff2 was preloaded using link preload but not used within a few seconds from the window's load event. Please make sure it has an appropriate `as` value and it is preloaded intentionally. @ http://localhost:3000/#work:0
[   37666ms] [WARNING] The resource http://localhost:3000/Users/lexiliang/Documents/Obsidian/lexi-portfolio-site/.vinext/fonts/geist-8ac0455e797f/geist-ff2310f5.woff2 was preloaded using link preload but not used within a few seconds from the window's load event. Please make sure it has an appropriate `as` value and it is preloaded intentionally. @ http://localhost:3000/#work:0
[   37666ms] [WARNING] The resource http://localhost:3000/Users/lexiliang/Documents/Obsidian/lexi-portfolio-site/.vinext/fonts/geist-mono-00e989178794/geist-mono-0638449e.woff2 was preloaded using link preload but not used within a few seconds from the window's load event. Please make sure it has an appropriate `as` value and it is preloaded intentionally. @ http://localhost:3000/#work:0
[   37666ms] [WARNING] The resource http://localhost:3000/Users/lexiliang/Documents/Obsidian/lexi-portfolio-site/.vinext/fonts/geist-mono-00e989178794/geist-mono-44e03052.woff2 was preloaded using link preload but not used within a few seconds from the window's load event. Please make sure it has an appropriate `as` value and it is preloaded intentionally. @ http://localhost:3000/#work:0
[   37666ms] [WARNING] The resource http://localhost:3000/assets/_vinext_fonts/covered-by-your-grace-4df6847a8958/covered-by-your-grace-560e8c09.woff2 was preloaded using link preload but not used within a few seconds from the window's load event. Please make sure it has an appropriate `as` value and it is preloaded intentionally. @ http://localhost:3000/#work:0
[   37666ms] [WARNING] The resource http://localhost:3000/Users/lexiliang/Documents/Obsidian/lexi-portfolio-site/.vinext/fonts/geist-8ac0455e797f/geist-875ccdd4.woff2 was preloaded using link preload but not used within a few seconds from the window's load event. Please make sure it has an appropriate `as` value and it is preloaded intentionally. @ http://localhost:3000/#work:0
[   37666ms] [WARNING] The resource http://localhost:3000/Users/lexiliang/Documents/Obsidian/lexi-portfolio-site/.vinext/fonts/geist-mono-00e989178794/geist-mono-013b2f2f.woff2 was preloaded using link preload but not used within a few seconds from the window's load event. Please make sure it has an appropriate `as` value and it is preloaded intentionally. @ http://localhost:3000/#work:0
[   37666ms] [WARNING] The resource http://localhost:3000/Users/lexiliang/Documents/Obsidian/lexi-portfolio-site/.vinext/fonts/geist-8ac0455e797f/geist-001175b1.woff2 was preloaded using link preload but not used within a few seconds from the window's load event. Please make sure it has an appropriate `as` value and it is preloaded intentionally. @ http://localhost:3000/#work:0
[   37666ms] [WARNING] The resource http://localhost:3000/assets/_vinext_fonts/covered-by-your-grace-4df6847a8958/covered-by-your-grace-74d4f415.woff2 was preloaded using link preload but not used within a few seconds from the window's load event. Please make sure it has an appropriate `as` value and it is preloaded intentionally. @ http://localhost:3000/#work:0
[   37666ms] [WARNING] The resource http://localhost:3000/Users/lexiliang/Documents/Obsidian/lexi-portfolio-site/.vinext/fonts/geist-mono-00e989178794/geist-mono-44745446.woff2 was preloaded using link preload but not used within a few seconds from the window's load event. Please make sure it has an appropriate `as` value and it is preloaded intentionally. @ http://localhost:3000/#work:0
[   37666ms] [WARNING] The resource http://localhost:3000/Users/lexiliang/Documents/Obsidian/lexi-portfolio-site/.vinext/fonts/geist-mono-00e989178794/geist-mono-971fb274.woff2 was preloaded using link preload but not used within a few seconds from the window's load event. Please make sure it has an appropriate `as` value and it is preloaded intentionally. @ http://localhost:3000/#work:0
[   41757ms] [ERROR] Failed to load resource: net::ERR_CONNECTION_REFUSED @ http://localhost:4747/health:0
[   44758ms] [WARNING] The resource http://localhost:3000/Users/lexiliang/Documents/Obsidian/lexi-portfolio-site/.vinext/fonts/geist-8ac0455e797f/geist-52306abf.woff2 was preloaded using link preload but not used within a few seconds from the window's load event. Please make sure it has an appropriate `as` value and it is preloaded intentionally. @ http://localhost:3000/#work:0
[   44759ms] [WARNING] The resource http://localhost:3000/Users/lexiliang/Documents/Obsidian/lexi-portfolio-site/.vinext/fonts/geist-8ac0455e797f/geist-98bbbccb.woff2 was preloaded using link preload but not used within a few seconds from the window's load event. Please make sure it has an appropriate `as` value and it is preloaded intentionally. @ http://localhost:3000/#work:0
[   44759ms] [WARNING] The resource http://localhost:3000/Users/lexiliang/Documents/Obsidian/lexi-portfolio-site/.vinext/fonts/geist-mono-00e989178794/geist-mono-f6b33328.woff2 was preloaded using link preload but not used within a few seconds from the window's load event. Please make sure it has an appropriate `as` value and it is preloaded intentionally. @ http://localhost:3000/#work:0
[   44759ms] [WARNING] The resource http://localhost:3000/Users/lexiliang/Documents/Obsidian/lexi-portfolio-site/.vinext/fonts/geist-8ac0455e797f/geist-ff2310f5.woff2 was preloaded using link preload but not used within a few seconds from the window's load event. Please make sure it has an appropriate `as` value and it is preloaded intentionally. @ http://localhost:3000/#work:0
[   44759ms] [WARNING] The resource http://localhost:3000/Users/lexiliang/Documents/Obsidian/lexi-portfolio-site/.vinext/fonts/geist-mono-00e989178794/geist-mono-0638449e.woff2 was preloaded using link preload but not used within a few seconds from the window's load event. Please make sure it has an appropriate `as` value and it is preloaded intentionally. @ http://localhost:3000/#work:0
[   44759ms] [WARNING] The resource http://localhost:3000/Users/lexiliang/Documents/Obsidian/lexi-portfolio-site/.vinext/fonts/geist-mono-00e989178794/geist-mono-44e03052.woff2 was preloaded using link preload but not used within a few seconds from the window's load event. Please make sure it has an appropriate `as` value and it is preloaded intentionally. @ http://localhost:3000/#work:0
[   44759ms] [WARNING] The resource http://localhost:3000/assets/_vinext_fonts/covered-by-your-grace-4df6847a8958/covered-by-your-grace-560e8c09.woff2 was preloaded using link preload but not used within a few seconds from the window's load event. Please make sure it has an appropriate `as` value and it is preloaded intentionally. @ http://localhost:3000/#work:0
[   44759ms] [WARNING] The resource http://localhost:3000/Users/lexiliang/Documents/Obsidian/lexi-portfolio-site/.vinext/fonts/geist-8ac0455e797f/geist-875ccdd4.woff2 was preloaded using link preload but not used within a few seconds from the window's load event. Please make sure it has an appropriate `as` value and it is preloaded intentionally. @ http://localhost:3000/#work:0
[   44759ms] [WARNING] The resource http://localhost:3000/Users/lexiliang/Documents/Obsidian/lexi-portfolio-site/.vinext/fonts/geist-mono-00e989178794/geist-mono-013b2f2f.woff2 was preloaded using link preload but not used within a few seconds from the window's load event. Please make sure it has an appropriate `as` value and it is preloaded intentionally. @ http://localhost:3000/#work:0
[   44759ms] [WARNING] The resource http://localhost:3000/Users/lexiliang/Documents/Obsidian/lexi-portfolio-site/.vinext/fonts/geist-8ac0455e797f/geist-001175b1.woff2 was preloaded using link preload but not used within a few seconds from the window's load event. Please make sure it has an appropriate `as` value and it is preloaded intentionally. @ http://localhost:3000/#work:0
[   44759ms] [WARNING] The resource http://localhost:3000/assets/_vinext_fonts/covered-by-your-grace-4df6847a8958/covered-by-your-grace-74d4f415.woff2 was preloaded using link preload but not used within a few seconds from the window's load event. Please make sure it has an appropriate `as` value and it is preloaded intentionally. @ http://localhost:3000/#work:0
[   44759ms] [WARNING] The resource http://localhost:3000/Users/lexiliang/Documents/Obsidian/lexi-portfolio-site/.vinext/fonts/geist-mono-00e989178794/geist-mono-44745446.woff2 was preloaded using link preload but not used within a few seconds from the window's load event. Please make sure it has an appropriate `as` value and it is preloaded intentionally. @ http://localhost:3000/#work:0
[   44759ms] [WARNING] The resource http://localhost:3000/Users/lexiliang/Documents/Obsidian/lexi-portfolio-site/.vinext/fonts/geist-mono-00e989178794/geist-mono-971fb274.woff2 was preloaded using link preload but not used within a few seconds from the window's load event. Please make sure it has an appropriate `as` value and it is preloaded intentionally. @ http://localhost:3000/#work:0
[   51757ms] [ERROR] Failed to load resource: net::ERR_CONNECTION_REFUSED @ http://localhost:4747/health:0
[   54758ms] [WARNING] The resource http://localhost:3000/Users/lexiliang/Documents/Obsidian/lexi-portfolio-site/.vinext/fonts/geist-8ac0455e797f/geist-52306abf.woff2 was preloaded using link preload but not used within a few seconds from the window's load event. Please make sure it has an appropriate `as` value and it is preloaded intentionally. @ http://localhost:3000/#work:0
[   54759ms] [WARNING] The resource http://localhost:3000/Users/lexiliang/Documents/Obsidian/lexi-portfolio-site/.vinext/fonts/geist-8ac0455e797f/geist-98bbbccb.woff2 was preloaded using link preload but not used within a few seconds from the window's load event. Please make sure it has an appropriate `as` value and it is preloaded intentionally. @ http://localhost:3000/#work:0
[   54759ms] [WARNING] The resource http://localhost:3000/Users/lexiliang/Documents/Obsidian/lexi-portfolio-site/.vinext/fonts/geist-mono-00e989178794/geist-mono-f6b33328.woff2 was preloaded using link preload but not used within a few seconds from the window's load event. Please make sure it has an appropriate `as` value and it is preloaded intentionally. @ http://localhost:3000/#work:0
[   54759ms] [WARNING] The resource http://localhost:3000/Users/lexiliang/Documents/Obsidian/lexi-portfolio-site/.vinext/fonts/geist-8ac0455e797f/geist-ff2310f5.woff2 was preloaded using link preload but not used within a few seconds from the window's load event. Please make sure it has an appropriate `as` value and it is preloaded intentionally. @ http://localhost:3000/#work:0
[   54759ms] [WARNING] The resource http://localhost:3000/Users/lexiliang/Documents/Obsidian/lexi-portfolio-site/.vinext/fonts/geist-mono-00e989178794/geist-mono-0638449e.woff2 was preloaded using link preload but not used within a few seconds from the window's load event. Please make sure it has an appropriate `as` value and it is preloaded intentionally. @ http://localhost:3000/#work:0
[   54759ms] [WARNING] The resource http://localhost:3000/Users/lexiliang/Documents/Obsidian/lexi-portfolio-site/.vinext/fonts/geist-mono-00e989178794/geist-mono-44e03052.woff2 was preloaded using link preload but not used within a few seconds from the window's load event. Please make sure it has an appropriate `as` value and it is preloaded intentionally. @ http://localhost:3000/#work:0
[   54759ms] [WARNING] The resource http://localhost:3000/assets/_vinext_fonts/covered-by-your-grace-4df6847a8958/covered-by-your-grace-560e8c09.woff2 was preloaded using link preload but not used within a few seconds from the window's load event. Please make sure it has an appropriate `as` value and it is preloaded intentionally. @ http://localhost:3000/#work:0
[   54759ms] [WARNING] The resource http://localhost:3000/Users/lexiliang/Documents/Obsidian/lexi-portfolio-site/.vinext/fonts/geist-8ac0455e797f/geist-875ccdd4.woff2 was preloaded using link preload but not used within a few seconds from the window's load event. Please make sure it has an appropriate `as` value and it is preloaded intentionally. @ http://localhost:3000/#work:0
[   54759ms] [WARNING] The resource http://localhost:3000/Users/lexiliang/Documents/Obsidian/lexi-portfolio-site/.vinext/fonts/geist-mono-00e989178794/geist-mono-013b2f2f.woff2 was preloaded using link preload but not used within a few seconds from the window's load event. Please make sure it has an appropriate `as` value and it is preloaded intentionally. @ http://localhost:3000/#work:0
[   54759ms] [WARNING] The resource http://localhost:3000/Users/lexiliang/Documents/Obsidian/lexi-portfolio-site/.vinext/fonts/geist-8ac0455e797f/geist-001175b1.woff2 was preloaded using link preload but not used within a few seconds from the window's load event. Please make sure it has an appropriate `as` value and it is preloaded intentionally. @ http://localhost:3000/#work:0
[   54759ms] [WARNING] The resource http://localhost:3000/assets/_vinext_fonts/covered-by-your-grace-4df6847a8958/covered-by-your-grace-74d4f415.woff2 was preloaded using link preload but not used within a few seconds from the window's load event. Please make sure it has an appropriate `as` value and it is preloaded intentionally. @ http://localhost:3000/#work:0
[   54759ms] [WARNING] The resource http://localhost:3000/Users/lexiliang/Documents/Obsidian/lexi-portfolio-site/.vinext/fonts/geist-mono-00e989178794/geist-mono-44745446.woff2 was preloaded using link preload but not used within a few seconds from the window's load event. Please make sure it has an appropriate `as` value and it is preloaded intentionally. @ http://localhost:3000/#work:0
[   54759ms] [WARNING] The resource http://localhost:3000/Users/lexiliang/Documents/Obsidian/lexi-portfolio-site/.vinext/fonts/geist-mono-00e989178794/geist-mono-971fb274.woff2 was preloaded using link preload but not used within a few seconds from the window's load event. Please make sure it has an appropriate `as` value and it is preloaded intentionally. @ http://localhost:3000/#work:0
